2026-10-03T13:57:32.594Z - [32minfo[39m: Website generation (lazy) started at 9:57:25 pm
2026-10-03T13:57:34.695Z - [32minfo[39m: Building assets...
2026-10-03T13:57:36.871Z - [32minfo[39m: Assets built
2026-10-03T13:57:36.872Z - [32minfo[39m: Generating landing page...
2026-10-03T13:57:37.547Z - [36mverbose[39m: Rendering page: D:\Workspace\CS2113\AY2627-S1\ay2627s1-website\index.md
2026-10-03T13:57:37.594Z - [32minfo[39m: Landing page built, other pages will be built as you navigate to them!
2026-10-03T13:57:38.506Z - [32minfo[39m: Site data built
2026-10-03T13:57:38.507Z - [32minfo[39m: Website generation (lazy) complete! Total build time: 12.915s
2026-10-03T13:57:38.554Z - [32minfo[39m: Serving "D:\Workspace\CS2113\AY2627-S1\ay2627s1-website\_site" at http://127.0.0.1:8080
2026-10-03T13:57:38.554Z - [32minfo[39m: Press CTRL+C to stop ...
2026-10-03T13:58:58.855Z - [32minfo[39m: Building D:\Workspace\CS2113\AY2627-S1\ay2627s1-website\schedule\week7\index as some of its dependencies were changed since the last visit
2026-10-03T13:58:59.304Z - [36mverbose[39m: Rendering page: D:\Workspace\CS2113\AY2627-S1\ay2627s1-website\schedule\week7\index.md
2026-10-03T13:58:59.332Z - [32minfo[39m: Site data built
2026-10-03T13:58:59.332Z - [32minfo[39m: Lazy website regeneration complete! Total build time: 0.477s
2026-10-03T13:59:02.746Z - [32minfo[39m: Building D:\Workspace\CS2113\AY2627-S1\ay2627s1-website\schedule\week7\tutorial as some of its dependencies were changed since the last visit
2026-10-03T13:59:02.936Z - [36mverbose[39m: Rendering page: D:\Workspace\CS2113\AY2627-S1\ay2627s1-website\schedule\week7\tutorial.md
2026-10-03T13:59:02.969Z - [32minfo[39m: Site data built
2026-10-03T13:59:02.969Z - [32minfo[39m: Lazy website regeneration complete! Total build time: 0.223s
2026-10-03T13:59:09.496Z - [32minfo[39m: Building D:\Workspace\CS2113\AY2627-S1\ay2627s1-website\schedule\week7\project as some of its dependencies were changed since the last visit
2026-10-03T13:59:10.705Z - [36mverbose[39m: Rendering page: D:\Workspace\CS2113\AY2627-S1\ay2627s1-website\schedule\week7\project.md
2026-10-03T13:59:10.741Z - [32minfo[39m: Site data built
2026-10-03T13:59:10.741Z - [32minfo[39m: Lazy website regeneration complete! Total build time: 1.245s
2026-10-03T14:01:54.783Z - [32minfo[39m: Website generation started at 10:01:52 pm
2026-10-03T14:01:56.366Z - [32minfo[39m: Building assets...
